#
# Copyright 1&1 Internet AG, http://www.1and1.org
#
# This program is free software; you can redistribute it and/or modify
# it under the terms of the GNU Lesser General Public License as published by
# the Free Software Foundation; either version 2 of the License,
# or (at your option) any later version.
#
# This program is distributed in the hope that it will be useful,
# but WITHOUT ANY WARRANTY; without even the implied warranty of
# MERCHANTABILITY or FITNESS FOR A PARTICULAR PURPOSE.
# See the GNU Lesser General Public License for more details.
#
# You should have received a copy of the GNU Lesser General Public License
# along with this program.  If not, see <http://www.gnu.org/licenses/>.
#

mapper de.mlhartme.mork.xml.DtdMapper;

grm = "xml.grm";

import de.mlhartme.mork.regexpr:
    Sequence, Choice;
import de.mlhartme.mork.xml:
    Attribute, Stubs, XmlSyntax;
import de.mlhartme.mork.semantics:
    BuiltIn;
import java.lang:
    String;

start         => XmlSyntax ;
 :SymbolTable => Stubs.symbolTable:
                  > start
                  > //AttDef
                  > //ElementName;

elementdecl   => Stubs.rule;
children      => Stubs.unary;
cp            => Stubs.unary;
choice        => Choice;
seq           => Sequence;

Mixed         => Stubs.mixed;

AttDef        => Attribute;

StringType    => BuiltIn.NULL;
TokenizedType => BuiltIn.NULL; # TODO
NotationType  => BuiltIn.NULL;
Enumeration   => BuiltIn.NULL;

ElementNameDef => String: > \\* > \\SymbolTable;
ElementNameA   => String: > \\AttlistDecl//AttDef;
ElementName    => Stubs.lookup;

"EMPTY"        => Sequence;

"?"            => Stubs.OPTION;
"*"            => Stubs.STAR;
"+"            => Stubs.PLUS;

"#REQUIRED"    => Attribute.REQUIRED;
"#IMPLIED"     => Attribute.IMPLIED;
"#FIXED"       => Attribute.FIXED;
None           => Attribute.NONE;

Name           => [text]: >\ElementNameDef >\ElementNameA >\ElementName >\AttDef;
AttValue       => [text]: >withoutQuotes;
:withoutQuotes => Stubs.removeQuotes: > \\AttDef;
Comment        => BuiltIn.NULL;
PI             => BuiltIn.NULL;
